// Jest Snapshot v1, https://goo.gl/fbAQLP

exports[`renders without crashing 1`] = `
<header
  className="header"
>
  <span
    className="header-title"
  >
    Header
  </span>
  <div
    className="header-token"
  >
    <span>
      Token: 
      
    </span>
    <button
      aria-label="change-token"
      className="MuiButtonBase-root MuiIconButton-root"
      disabled={false}
      onBlur={[Function]}
      onClick={[Function]}
      onDragLeave={[Function]}
      onFocus={[Function]}
      onKeyDown={[Function]}
      onKeyUp={[Function]}
      onMouseDown={[Function]}
      onMouseLeave={[Function]}
      onMouseUp={[Function]}
      onTouchEnd={[Function]}
      onTouchMove={[Function]}
      onTouchStart={[Function]}
      tabIndex={0}
      type="button"
    >
      <span
        className="MuiIconButton-label"
      >
        <span
          aria-hidden={true}
          className="material-icons MuiIcon-root header-editIcon"
        >
          edit
        </span>
      </span>
    </button>
  </div>
</header>
`;
